// Jest Snapshot v1, https://goo.gl/fbAQLP

exports[`<Logo /> shold render defaul logo with detail 1`] = `
.c0 {
  display: -webkit-box;
  display: -webkit-flex;
  display: -ms-flexbox;
  display: flex;
  -webkit-align-items: center;
  -webkit-box-align: center;
  -ms-flex-align: center;
  align-items: center;
}

.c0 > div + div {
  margin-left: 2.2rem;
}

<div
  class="c0"
>
  <div
    aria-label="detailLogo"
  >
    <div>
      <div
        data-src="/logos/details-logo.svg"
        src=""
      />
    </div>
  </div>
  <div
    aria-label="logo"
  >
    <div>
      <div
        data-src="/logos/logo.svg"
        src=""
      />
    </div>
  </div>
</div>
`;
